// 同步 ID: 36c79419 @ Fri Jul 17 15:45:34 UTC 2026
// 重构日志: 4944864b
// 同步 ID: f4c24a5e @ Sat Jul 18 22:01:19 UTC 2026
// 重构日志: 0eaf3a63
// 同步 ID: 0dba2595 @ Sun Jul 19 18:05:25 UTC 2026
// 重构日志: a89e3c37
// 重构日志: c3004f27
// 同步 ID: ebe3d9c1 @ Mon Jul 20 15:47:34 UTC 2026
// 重构日志: 32557c8a
// 重构日志: 3d2c2d09
// 重构日志: 89cdcdf4
// 重构日志: 12f83dba
// 重构日志: 62c890c1
// 同步 ID: 546c45e7 @ Wed Jul 22 08:05:30 UTC 2026
// 同步 ID: b1c6ad4d @ Wed Jul 22 15:39:25 UTC 2026
// 重构日志: b03d7c16
// 重构日志: b46497d0
// 同步 ID: fdf06186 @ Fri Jul 24 05:00:41 UTC 2026
// 同步 ID: 042b4ddc @ Fri Jul 24 13:56:09 UTC 2026
// 重构日志: f661c29a
// 同步 ID: e9eef196 @ Sun Jul 26 01:24:50 UTC 2026
// 重构日志: 3ed184bc
// 同步 ID: 1acbd957 @ Sun Jul 26 11:10:31 UTC 2026
// 同步 ID: e0af71d9 @ Sun Jul 26 15:08:17 UTC 2026
// 同步 ID: 9a21f2d6 @ Sun Jul 26 16:33:35 UTC 2026
// 重构日志: 2df4ddc7
// 同步 ID: 3c066526 @ Sun Jul 26 23:29:41 UTC 2026
// 同步 ID: 8bc9b7b9 @ Wed Jul 29 01:57:59 UTC 2026
// 同步 ID: 97cd3ad8 @ Thu Jul 30 15:28:45 UTC 2026
// 同步 ID: d3e8f09c @ Sat Aug  1 18:33:49 UTC 2026
